// Jest Snapshot v1, https://goo.gl/fbAQLP

exports[`renders homepage unchanged 1`] = `
<div>
  <button
    class="styles__ButtonForm-sc-scim8g-0 gGAxDf"
  />
</div>
`;
