// Jest Snapshot v1, https://goo.gl/fbAQLP

exports[`renders homepage unchanged 1`] = `
<div>
  <button
    class="styles__ButtonForm-sc-1penh9l-0 kKfXFj"
  />
</div>
`;
