// Jest Snapshot v1, https://goo.gl/fbAQLP

exports[`renders homepage unchanged 1`] = `
<div>
  <div
    class="styles__Cointainer-sc-1mvgtyc-0 gNLBYg"
  >
    <div>
      <form
        class="styles__ContainerForm-sc-1mvgtyc-2 ewUtlJ"
      >
        <div>
          <div>
            <p
              class="styles__Text-sc-1mvgtyc-1 kKfjjD"
            >
              Email Address
            </p>
          </div>
          <div
            class="styles__BoxInput-sc-1mvgtyc-3 cMRDmz"
          >
            <input
              class="styles__InputLogin-sc-1mvgtyc-4 fQpLzf"
              placeholder="your@email.com"
              type="text"
            />
            <img
              alt=""
              data-nimg="1"
              decoding="async"
              height="50"
              loading="lazy"
              src="/_next/image?url=%2Fimg%2Femail-img.png&w=256&q=75"
              srcset="/_next/image?url=%2Fimg%2Femail-img.png&w=96&q=75 1x, /_next/image?url=%2Fimg%2Femail-img.png&w=256&q=75 2x"
              style="color: transparent;"
              width="70"
            />
          </div>
        </div>
        <div>
          <div>
            <p
              class="styles__Text-sc-1mvgtyc-1 kKfjjD"
            >
              Password
            </p>
          </div>
          <div
            class="styles__BoxInput-sc-1mvgtyc-3 cMRDmz"
          >
            <input
              class="styles__InputLogin-sc-1mvgtyc-4 fQpLzf"
              placeholder="Enter your password"
              type="text"
            />
            <img
              alt=""
              data-nimg="1"
              decoding="async"
              height="50"
              loading="lazy"
              src="/_next/image?url=%2Fimg%2Fpassword-img.png&w=256&q=75"
              srcset="/_next/image?url=%2Fimg%2Fpassword-img.png&w=96&q=75 1x, /_next/image?url=%2Fimg%2Fpassword-img.png&w=256&q=75 2x"
              style="color: transparent;"
              width="70"
            />
          </div>
        </div>
        <div>
          <button
            class="styles__ButtonForm-sc-1penh9l-0 kKfXFj"
          >
            Login Now
          </button>
        </div>
      </form>
    </div>
    <div
      class="styles__BoxHorizontalLine-sc-1mvgtyc-5 gCdKxl"
    >
      <div
        class="styles__HorizontalLine-sc-1mvgtyc-6 fVkAEP"
      />
      <div>
        <p
          class="styles__Text-sc-1mvgtyc-1 kKfjjD"
        >
          OR
        </p>
      </div>
      <div
        class="styles__HorizontalLine-sc-1mvgtyc-6 fVkAEP"
      />
    </div>
    <div>
      <button
        class="styles__ButtonForm-sc-1penh9l-0 kKfXFj"
      >
        Signup Now
      </button>
    </div>
  </div>
</div>
`;
